  Comet.cpp
C:\Users\hp\source\repos\SSS2DPOO\Comet.h(2,10): error C1083: Cannot open include file: 'SFML/Graphics.hpp': No such file or directory
  (compiling source file 'Comet.cpp')
  
  CosmicButton.cpp
C:\Users\hp\source\repos\SSS2DPOO\CosmicButton.h(2,10): error C1083: Cannot open include file: 'SFML/Graphics.hpp': No such file or directory
  (compiling source file 'CosmicButton.cpp')
  
  main.cpp
C:\Users\hp\source\repos\SSS2DPOO\main.cpp(1,10): error C1083: Cannot open include file: 'SFML/Graphics.hpp': No such file or directory
  MenuPlanet.cpp
C:\Users\hp\source\repos\SSS2DPOO\MenuPlanet.h(2,10): error C1083: Cannot open include file: 'SFML/Graphics.hpp': No such file or directory
  (compiling source file 'MenuPlanet.cpp')
  
  Planet.cpp
C:\Users\hp\source\repos\SSS2DPOO\Planet.h(2,10): error C1083: Cannot open include file: 'SFML/Graphics.hpp': No such file or directory
  (compiling source file 'Planet.cpp')
  
  SSS2DPOO.cpp
  Star.cpp
C:\Users\hp\source\repos\SSS2DPOO\Star.h(2,10): error C1083: Cannot open include file: 'SFML/Graphics.hpp': No such file or directory
  (compiling source file 'Star.cpp')
  
  UI.cpp
C:\Users\hp\source\repos\SSS2DPOO\UI.h(2,10): error C1083: Cannot open include file: 'SFML/Graphics.hpp': No such file or directory
  (compiling source file 'UI.cpp')
  
